INFO     requests.session:session.py:36 发送请求>>>>>> 接口地址 = GET http://47.107.116.139/phpwind/
INFO     requests.session:session.py:37 发送请求>>>>>> 请求头 = {'User-Agent': 'python-requests/2.28.2', 'Accept-Encoding': 'gzip, deflate', 'Accept': '*/*', 'Connection': 'keep-alive'}
INFO     requests.session:session.py:38 发送请求>>>>>> 请求正文 = None
INFO     requests.session:session.py:42 接收响应      <<<<<< 状态码 = 200
INFO     requests.session:session.py:43 接收响应      <<<<<< 响应头 = {'Server': 'nginx', 'Date': 'Sun, 29 Jan 2023 13:58:44 GMT', 'Content-Type': 'text/html;charset=utf-8', 'Transfer-Encoding': 'chunked', 'Connection': 'keep-alive', 'X-Powered-By': 'PHP/5.6.36', 'Set-Cookie': 'W2S_lastvisit=0%091675000724%09%2Fphpwind%2F; expires=Mon, 29-Jan-2024 13:58:44 GMT; Max-Age=31536000; path=/, W2S_visitor=5VetprstNMSQHBaz5nhYvYJdyPzeMyP1BiLJevkyHEEBvCTcepr6Yg%3D%3D; path=/, csrf_token=9c5f3811c0057aec; path=/; httponly', 'Content-Encoding': 'gzip', 'Vary': 'Accept-Encoding'}
INFO     requests.session:session.py:44 接收响应      <<<<<< 响应正文 = b'<!doctype html>\r\n<html>\r\n<head>\r\n<meta charset="UTF-8" />\r\n<title>\xe6\x9c\xac\xe7\xab\x99\xe6\x96\xb0\xe5\xb8\x96 - phpwind 9.0 - Powered by phpwind</title>\r\n<meta http-equiv="X-UA-Compatible" content="chrome=1">\r\n<meta name="generator" content="phpwind v9.0.2 20161021" />\r\n<meta name="description" content="\xe3\x80\x90phpwind 9.0\xe3\x80\x91\xe4\xb8\xad\xe7\x9a\x84\xe6\x9c\x80\xe6\x96\xb0\xe5\xb8\x96\xe5\xad\x90\xe5\x88\x97\xe8\xa1\xa8" />\r\n<meta name="keywords" content="" />\r\n<link rel="stylesheet" href="http://47.107.116.139/phpwind/themes/site/default/css/dev/core.css?v=20161021" />\r\n<link rel="stylesheet" href="http://47.107.116.139/phpwind/themes/site/default/css/dev/style.css?v=20161021" />\r\n<!-- <base id="headbase" href="http://47.107.116.139/phpwind/" /> -->\r\n<script>\r\n//\xe5\x85\xa8\xe5\xb1\x80\xe5\x8f\x98\xe9\x87\x8f Global Variables\r\nvar GV = {\r\n\tJS_ROOT : \'http://47.107.116.139/phpwind/res/js/dev/\',\t\t\t\t\t\t\t\t\t\t//js\xe7\x9b\xae\xe5\xbd\x95\r\n\tJS_VERSION : \'20161021\',\t\t\t\t\t\t\t\t\t\t\t//js\xe7\x89\x88\xe6\x9c\xac\xe5\x8f\xb7(\xe4\xb8\x8d\xe8\x83\xbd\xe5\xb8\xa6\xe7\xa9\xba\xe6\xa0\xbc)\r\n\tJS_EXTRES : \'http://47.107.116.139/phpwind/themes/extres\',\r\n\tTOKEN : \'9c5f3811c0057aec\',\t//token $.ajaxSetup data\r\n\tU_CENTER : \'http://47.107.116.139/phpwind/index.php?m=space\',\t\t//\xe7\x94\xa8\xe6\x88\xb7\xe7\xa9\xba\xe9\x97\xb4(\xe5\x8f\x82\xe6\x95\xb0 : uid)\r\n\tU_AVATAR_DEF : \'http://47.107.116.139/phpwind/res/images/face/face_small.jpg\',\t\t\t\t\t//\xe9\xbb\x98\xe8\xae\xa4\xe5\xb0\x8f\xe5\xa4\xb4\xe5\x83\x8f\r\n\tU_ID : parseInt(\'0\'),\t\t\t\t\t\t\t\t\t//uid\r\n\tREGION_CONFIG : \'\',\t\t\t\t\t\t\t\t\t\t\t\t\t\t//\xe5\x9c\xb0\xe5\x8c\xba\xe6\x95\xb0\xe6\x8d\xae\r\n\tCREDIT_REWARD_JUDGE : \'\',\t\t\t//\xe6\x98\xaf\xe5\x90\xa6\xe7\xa7\xaf\xe5\x88\x86\xe5\xa5\x96\xe5\x8a\xb1\xef\xbc\x8c\xe7\xa9\xba\xe5\x80\xbc:false, 1:true\r\n\tURL : {\r\n\t\tLOGIN : \'http://47.107.116.139/phpwind/index.php?m=u&c=login\',\t\t\t\t\t\t\t\t\t\t//\xe7\x99\xbb\xe5\xbd\x95\xe5\x9c\xb0\xe5\x9d\x80\r\n\t\tQUICK_LOGIN : \'http://47.107.116.139/phpwind/index.php?m=u&c=login&a=fast\',\t\t\t\t\t\t\t\t//\xe5\xbf\xab\xe9\x80\x9f\xe7\x99\xbb\xe5\xbd\x95\r\n\t\tIMAGE_RES: \'http://47.107.116.139/phpwind/res/images\',\t\t\t\t\t\t\t\t\t\t//\xe5\x9b\xbe\xe7\x89\x87\xe7\x9b\xae\xe5\xbd\x95\r\n\t\tCHECK_IMG : \'http://47.107.116.139/phpwind/index.php?m=u&c=login&a=showverify\',\t\t\t\t\t\t\t//\xe9\xaa\x8c\xe8\xaf\x81\xe7\xa0\x81\xe5\x9b\xbe\xe7\x89\x87url\xef\xbc\x8cglobal.js\xe5\xbc\x95\xe7\x94\xa8\r\n\t\tVARIFY : \'http://47.107.116.139/phpwind/index.php?m=verify&a=get\',\t\t\t\t\t\t\t\t\t//\xe9\xaa\x8c\xe8\xaf\x81\xe7\xa0\x81html\r\n\t\tVARIFY_CHECK : \'http://47.107.116.139/phpwind/index.php?m=verify&a=check\',\t\t\t\t\t\t\t//\xe9\xaa\x8c\xe8\xaf\x81\xe7\xa0\x81html\r\n\t\tHEAD_MSG : {\r\n\t\t\tLIST : \'http://47.107.116.139/phpwind/index.php?m=message&c=notice&a=minilist\'\t\t\t\t\t\t\t//\xe5\xa4\xb4\xe9\x83\xa8\xe6\xb6\x88\xe6\x81\xaf_\xe5\x88\x97\xe8\xa1\xa8\r\n\t\t},\r\n\t\tUSER_CARD : \'http://47.107.116.139/phpwind/index.php?m=space&c=card\',\t\t\t\t\t\t\t\t//\xe5\xb0\x8f\xe5\x90\x8d\xe7\x89\x87(\xe5\x8f\x82\xe6\x95\xb0 : uid)\r\n\t\tLIKE_FORWARDING : \'http://47.107.116.139/phpwind/index.php?c=post&a=doreply\',\t\t\t\t\t\t\t//\xe5\x96\x9c\xe6\xac\xa2\xe8\xbd\xac\xe5\x8f\x91(\xe5\x8f\x82\xe6\x95\xb0 : fid)\r\n\t\tREGION : \'http://47.107.116.139/phpwind/index.php?m=misc&c=webData&a=area\',\t\t\t\t\t\t\t\t\t//\xe5\x9c\xb0\xe5\x8c\xba\xe6\x95\xb0\xe6\x8d\xae\r\n\t\tSCHOOL : \'http://47.107.116.139/phpwind/index.php?m=misc&c=webData&a=school\',\t\t\t\t\t\t\t\t//\xe5\xad\xa6\xe6\xa0\xa1\xe6\x95\xb0\xe6\x8d\xae\r\n\t\tEMOTIONS : "http://47.107.116.139/phpwind/index.php?m=emotion&type=bbs",\t\t\t\t\t//\xe8\xa1\xa8\xe6\x83\x85\xe6\x95\xb0\xe6\x8d\xae\r\n\t\tCRON_AJAX : \'\',\t\t\t\t\t\t\t\t\t\t\t//\xe8\xae\xa1\xe5\x88\x92\xe4\xbb\xbb\xe5\x8a\xa1 \xe5\x90\x8e\xe7\xab\xaf\xe8\xbe\x93\xe5\x87\xba\xe6\x89\xa7\xe8\xa1\x8c\r\n\t\tFORUM_LIST : \'http://47.107.116.139/phpwind/index.php?c=forum&a=list\',\t\t\t\t\t\t\t\t//\xe7\x89\x88\xe5\x9d\x97\xe5\x88\x97\xe8\xa1\xa8\xe6\x95\xb0\xe6\x8d\xae\r\n\t\tCREDIT_REWARD_DATA : \'http://47.107.116.139/phpwind/index.php?m=u&a=showcredit\',\t\t\t\t\t//\xe7\xa7\xaf\xe5\x88\x86\xe5\xa5\x96\xe5\x8a\xb1 \xe6\x95\xb0\xe6\x8d\xae\r\n\t\tAT_URL: \'http://47.107.116.139/phpwind/index.php?c=remind\',\t\t\t\t\t\t\t\t\t//@\xe5\xa5\xbd\xe5\x8f\x8b\xe5\x88\x97\xe8\xa1\xa8\xe6\x8e\xa5\xe5\x8f\xa3\r\n\t\tTOPIC_TYPIC: \'http://47.107.116.139/phpwind/index.php?c=forum&a=topictype\'\t\t\t\t\t\t\t//\xe4\xb8\xbb\xe9\xa2\x98\xe5\x88\x86\xe7\xb1\xbb\r\n\t}\r\n};\r\n</script>\r\n<script src="http://47.107.116.139/phpwind/res/js/dev/wind.js?v=20161021"></script>\r\n<link href="http://47.107.116.139/phpwind/themes/site/default/css/dev/forum.css?v=20161021" rel="stylesheet" />\r\n</head>\r\n<body>\r\n<style type="text/css">\r\n</style><div class="wrap">\r\n<header class="header_wrap">\r\n\t<div id="J_header" class="header cc">\r\n\t\t<div class="logo">\r\n\t\t\t<a href="http://47.107.116.139/phpwind/">\r\n\t\t\t\t\t\t\t\t<img src="http://47.107.116.139/phpwind/themes/site/default/images/logo.png" alt="phpwind 9.0">\r\n\t\t\t\t\t\t\t</a>\r\n\t\t</div>\r\n\t\t<nav class="nav_wrap">\r\n\t\t\t<div class="nav">\r\n\t\t\t\t<ul>\r\n\t\t\t\t\t\t<li class="current"><a href="index.php?m=bbs">\xe8\xae\xba\xe5\x9d\x9b</a></li>\r\n\t\t\t\t\t\t<li class=""><a href="index.php?m=bbs&c=forumlist">\xe7\x89\x88\xe5\x9d\x97</a></li>\r\n\t\t\t\t\t\t<li class=""><a href="index.php?m=like&c=like">\xe5\x96\x9c\xe6\xac\xa2</a></li>\r\n\t\t\t\t\t\t<li class=""><a href="index.php?m=tag">\xe8\xaf\x9d\xe9\xa2\x98</a></li>\r\n\t\t\t\t\t</ul>\r\n\t\t\t</div>\r\n\t\t</nav>\r\n\t\t\t\t<div class="header_search" role="search">\r\n\t\t\t<form action="http://47.107.116.139/phpwind/index.php?m=search&c=s" method="post">\r\n\t\t\t\t<input type="text" id="s" aria-label="\xe6\x90\x9c\xe7\xb4\xa2\xe5\x85\xb3\xe9\x94\xae\xe8\xaf\x8d" accesskey="s" placeholder="\xe6\x90\x9c\xe7\xb4\xa2\xe5\x85\xb6\xe5\xae\x9e\xe5\xbe\x88\xe7\xae\x80\xe5\x8d\x95" x-webkit-speech speech name="keyword"/>\r\n\t\t\t\t<button type="submit" aria-label="\xe6\x90\x9c\xe7\xb4\xa2"><span>\xe6\x90\x9c\xe7\xb4\xa2</span></button>\r\n\t\t\t<input type="hidden" name="csrf_token" value="9c5f3811c0057aec"/><input type="hidden" name="csrf_token" value="9c5f3811c0057aec"/></form>\r\n\t\t</div>\r\n\t\t<div class="header_login">\r\n\t<a rel="nofollow" href="http://47.107.116.139/phpwind/index.php?m=u&c=login">\xe7\x99\xbb\xe5\xbd\x95</a><a rel="nofollow" href="http://47.107.116.139/phpwind/index.php?m=u&c=register">\xe6\xb3\xa8\xe5\x86\x8c</a>\r\n</div>\r\n\r\n\t</div>\r\n</header>\r\n<div class="tac"> </div>\r\n\t<div class="main_wrap">\r\n\t\t\r\n\t\t<div class="bread_crumb" id="bread_crumb">\r\n\t\t\t<a href="http://47.107.116.139/phpwind/" class="home" title="phpwind 9.0">\xe9\xa6\x96\xe9\xa1\xb5</a><em>&gt;</em><a href="http://47.107.116.139/phpwind/">\xe6\x9c\xac\xe7\xab\x99\xe6\x96\xb0\xe5\xb8\x96</a>\r\n\t\t</div>\r\n\t\t\r\n\t\t<div id="cloudwind_forum_top"></div>\r\n\t\t<div class="main cc">\r\n\t\t\t<div class="main_body">\r\n\t\t\t\t<div class="main_content cc">\r\n\t\t\t\t\t\r\n\t\t\t\t\t \r\n\t\t\t\t\t<div class="box_wrap thread_page J_check_wrap">\r\n\t\t\t\t\t\t<nav>\r\n\t\t\t\t\t\t\t<div class="content_nav" id="hashpos_ttype">\r\n\t\t\t\t\t\t\t\t<div class="content_filter"><a href="http://47.107.116.139/phpwind/index.php?order=postdate" class="">\xe6\x9c\x80\xe6\x96\xb0\xe5\x8f\x91\xe5\xb8\x96</a><span>|</span><a href="http://47.107.116.139/phpwind/index.php?order=lastpost" class=" current">\xe6\x9c\x80\xe5\x90\x8e\xe5\x9b\x9e\xe5\xa4\x8d</a></div>\r\n\t\t\t\t\t\t\t\t<ul>\r\n\t\t\t\t\t\t\t\t\t<li class="current"><a href="http://47.107.116.139/phpwind/index.php?order=lastpost">\xe6\x9c\xac\xe7\xab\x99\xe6\x96\xb0\xe5\xb8\x96</a></li>\r\n\t\t\t\t\t\t\t\t\t\t\t\t\t\t\t\t\t</ul>\r\n\t\t\t\t\t\t\t</div>\r\n\t\t\t\t\t\t</nav>\r\n\t\t\t\t\t\t<!--\xe5\x85\xac\xe5\x91\x8a-->\r\n\t\t\t\t\t\t\t\t\t\t\t\t<!--\xe5\x85\xac\xe5\x91\x8a\xe7\xbb\x93\xe6\x9d\x9f-->\r\n\t\t\t\t\t\t\t\t\t\t\t\t<div class="thread_posts_list">\r\n\t\t\t\t\t\t\t<table width="100%" id="J_posts_list" summary="\xe5\xb8\x96\xe5\xad\x90\xe5\x88\x97\xe8\xa1\xa8">\r\n\t\t\t\t\t\t\t\t\t\t\t\t\t\t\t\t<tr>\r\n\t\t\t\t\t\t\t\t\t<td class="author"><a class="J_user_card_show" data-uid="640" href="http://47.107.116.139/phpwind/index.php?m=space&uid=640"><img src="http://47.107.116.139/phpwind/windid/attachment/avatar/000/00/06/640_small.jpg" onerror="this.onerror=null;this.src=\'http://47.107.116.139/phpwind/res/images/face/face_small.jpg\'" width="45" height="45" alt="cxcxcx" /></a></td>\r\n\t\t\t\t\t\t\t\t\t<td class="subject">\r\n\t\t\t\t\t\t\t\t\t\t<p class="title">\r\n\t\t\t\t\t\t\t\t\t\t\t\t\t\t\t\t\t\t\t\t\t\t<a href="http://47.107.116.139/phpwind/read.php?tid=15537&fid=2" target="_blank"><span class="posts_icon"><i class="icon_topic" title="\xe6\x99\xae\xe9\x80\x9a\xe5\xb8\x96  \xe6\x96\xb0\xe7\xaa\x97\xe5\x8f\xa3\xe6\x89\x93\xe5\xbc\x80"></i></span></a>\r\n\t\t\t\t\t\t\t\t\t\t\t\t\t\t\t\t\t\t\t\t\t\t<a href="http://47.107.116.139/phpwind/index.php?c=thread&fid=2" class="st">[\xe6\x96\xb0\xe7\x89\x88\xe5\x9d\x97]</a>\r\n\t\t\t\t\t\t\t\t\t\t\t\t\t\t\t\t\t\t\t\t\t\t<a href="http://47.107.116.139/phpwind/read.php?tid=15537&fid=2" class="st" style="" title="\xe7\x94\x9f\xe6\xb4\xbb\xe6\x9d\x82\xe5\xbf\x971674999525">\xe7\x94\x9f\xe6\xb4\xbb\xe6\x9d\x82\xe5\xbf\x971674999525</a>\r\n\t\t\t\t\t\t\t\t\t\t\t\t\t\t\t\t\t\t\t\t\t</p>\r\n\t\t\t\t\t\t\t\t\t\t<p class="info">\r\n\t\t\t\t\t\t\t\t\t\t\t\xe6\xa5\xbc\xe4\xb8\xbb\xef\xbc\x9a<a class="J_user_card_show" data-uid="640" href="http://47.107.116.139/phpwind/index.php?m=space&uid=640">cxcxcx</a><span>2023-01-29</span>\r\n\t\t\t\t\t\t\t\t\t\t\t\xe6\x9c\x80\xe5\x90\x8e\xe5\x9b\x9e\xe5\xa4\x8d\xef\xbc\x9a<a class="J_user_card_show" data-uid="640" href="http://47.107.116.139/phpwind/index.php?m=space&uid=640">cxcxcx</a><span><a href="http://47.107.116.139/phpwind/read.php?tid=15537&fid=2&page=e#a" rel="nofollow" aria-label="\xe6\x9c\x80\xe5\x90\x8e\xe5\x9b\x9e\xe5\xa4\x8d\xe6\x97\xb6\xe9\x97\xb4">01-29 21:38</a></span>\r\n\t\t\t\t\t\t\t\t\t\t</p>\r\n\t\t\t\t\t\t\t\t\t</td>\r\n\t\t\t\t\t\t\t\t\t<td class="num">\r\n\t\t\t\t\t\t\t\t\t\t<span>\xe5\x9b\x9e\xe5\xa4\x8d<em>0</em></span>\r\n\t\t\t\t\t\t\t\t\t\t<span>\xe6\xb5\x8f\xe8\xa7\x88<em>0</em></span>\r\n\t\t\t\t\t\t\t\t\t</td>\r\n\t\t\t\t\t\t\t\t</tr>\r\n\t\t\t\t\t\t\t\t\t\t\t\t\t\t\t\t<tr>\r\n\t\t\t\t\t\t\t\t\t<td class="author"><a class="J_user_card_show" data-uid="640" href="http://47.107.116.139/phpwind/index.php?m=space&uid=640"><img src="http://47.107.116.139/phpwind/windid/attachment/avatar/000/00/06/640_small.jpg" onerror="this.onerror=null;this.src=\'http://47.107.116.139/phpwind/res/images/face/face_small.jpg\'" width="45" height="45" alt="cxcxcx" /></a></td>\r\n\t\t\t\t\t\t\t\t\t<td class="subject">\r\n\t\t\t\t\t\t\t\t\t\t<p class="title">\r\n\t\t\t\t\t\t\t\t\t\t\t\t\t\t\t\t\t\t\t\t\t\t<a href="http://47.107.116.139/phpwind/read.php?tid=15536&fid=2" target="_blank"><span class="posts_icon"><i class="icon_topic" title="\xe6\x99\xae\xe9\x80\x9a\xe5\xb8\x96  \xe6\x96\xb0\xe7\xaa\x97\xe5\x8f\xa3\xe6\x89\x93\xe5\xbc\x80"></i></span></a>\r\n\t\t\t\t\t\t\t\t\t\t\t\t\t\t\t\t\t\t\t\t\t\t<a href="http://47.107.116.139/phpwind/index.php?c=thread&fid=2" class="st">[\xe6\x96\xb0\xe7\x89\x88\xe5\x9d\x97]</a>\r\n\t\t\t\t\t\t\t\t\t\t\t\t\t\t\t\t\t\t\t\t\t\t<a href="http://47.107.116.139/phpwind/read.php?tid=15536&fid=2" class="st" style="" title="\xe7\x94\x9f\xe6\xb4\xbb\xe6\x9d\x82\xe5\xbf\x971674999507">\xe7\x94\x9f\xe6\xb4\xbb\xe6\x9d\x82\xe5\xbf\x971674999507</a>\r\n\t\t\t\t\t\t\t\t\t\t\t\t\t\t\t\t\t\t\t\t\t</p>\r\n\t\t\t\t\t\t\t\t\t\t<p class="info">\r\n\t\t\t\t\t\t\t\t\t\t\t\xe6\xa5\xbc\xe4\xb8\xbb\xef\xbc\x9a<a class="J_user_card_show" data-uid="640" href="http://47.107.116.139/phpwind/index.php?m=space&uid=640">cxcxcx</a><span>2023-01-29</span>\r\n\t\t\t\t\t\t\t\t\t\t\t\xe6\x9c\x80\xe5\x90\x8e\xe5\x9b\x9e\xe5\xa4\x8d\xef\xbc\x9a<a class="J_user_card_show" data-uid="640" href="http://47.107.116.139/phpwind/index.php?m=space&uid=640">cxcxcx</a><span><a href="http://47.107.116.139/phpwind/read.php?tid=15536&fid=2&page=e#a" rel="nofollow" aria-label="\xe6\x9c\x80\xe5\x90\x8e\xe5\x9b\x9e\xe5\xa4\x8d\xe6\x97\xb6\xe9\x97\xb4">01-29 21:38</a></span>\r\n\t\t\t\t\t\t\t\t\t\t</p>\r\n\t\t\t\t\t\t\t\t\t</td>\r\n\t\t\t\t\t\t\t\t\t<td class="num">\r\n\t\t\t\t\t\t\t\t\t\t<span>\xe5\x9b\x9e\xe5\xa4\x8d<em>0</em></span>\r\n\t\t\t\t\t\t\t\t\t\t<span>\xe6\xb5\x8f\xe8\xa7\x88<em>0</em></span>\r\n\t\t\t\t\t\t\t\t\t</td>\r\n\t\t\t\t\t\t\t\t</tr>\r\n\t\t\t\t\t\t\t\t\t\t\t\t\t\t\t\t<tr>\r\n\t\t\t\t\t\t\t\t\t<td class="author"><a class="J_user_card_show" data-uid="10601" href="http://47.107.116.139/phpwind/index.php?m=space&uid=10601"><img src="http://47.107.116.139/phpwind/windid/attachment/avatar/000/01/06/10601_small.jpg" onerror="this.onerror=null;this.src=\'http://47.107.116.139/phpwind/res/images/face/face_small.jpg\'" width="45" height="45" alt="lixinjian" /></a></td>\r\n\t\t\t\t\t\t\t\t\t<td class="subject">\r\n\t\t\t\t\t\t\t\t\t\t<p class="title">\r\n\t\t\t\t\t\t\t\t\t\t\t\t\t\t\t\t\t\t\t\t\t\t<a href="http://47.107.116.139/phpwind/read.php?tid=15535&fid=2" target="_blank"><span class="posts_icon"><i class="icon_topic" title="\xe6\x99\xae\xe9\x80\x9a\xe5\xb8\x96  \xe6\x96\xb0\xe7\xaa\x97\xe5\x8f\xa3\xe6\x89\x93\xe5\xbc\x80"></i></span></a>\r\n\t\t\t\t\t\t\t\t\t\t\t\t\t\t\t\t\t\t\t\t\t\t<a href="http://47.107.116.139/phpwind/index.php?c=thread&fid=2" class="st">[\xe6\x96\xb0\xe7\x89\x88\xe5\x9d\x97]</a>\r\n\t\t\t\t\t\t\t\t\t\t\t\t\t\t\t\t\t\t\t\t\t\t<a href="http://47.107.116.139/phpwind/read.php?tid=15535&fid=2" class="st" style="" title="\xe7\xa0\x81\xe5\xb0\x9a\xe5\xad\xa6\xe9\x99\xa21674998307">\xe7\xa0\x81\xe5\xb0\x9a\xe5\xad\xa6\xe9\x99\xa21674998307</a>\r\n\t\t\t\t\t\t\t\t\t\t\t\t\t\t\t\t\t\t\t\t\t</p>\r\n\t\t\t\t\t\t\t\t\t\t<p class="info">\r\n\t\t\t\t\t\t\t\t\t\t\t\xe6\xa5\xbc\xe4\xb8\xbb\xef\xbc\x9a<a class="J_user_card_show" data-uid="10601" href="http://47.107.116.139/phpwind/index.php?m=space&uid=10601">lixinjian</a><span>2023-01-29</span>\r\n\t\t\t\t\t\t\t\t\t\t\t\xe6\x9c\x80\xe5\x90\x8e\xe5\x9b\x9e\xe5\xa4\x8d\xef\xbc\x9a<a class="J_user_card_show" data-uid="10601" href="http://47.107.116.139/phpwind/index.php?m=space&uid=10601">lixinjian</a><span><a href="http://47.107.116.139/phpwind/read.php?tid=15535&fid=2&page=e#a" rel="nofollow" aria-label="\xe6\x9c\x80\xe5\x90\x8e\xe5\x9b\x9e\xe5\xa4\x8d\xe6\x97\xb6\xe9\x97\xb4">01-29 21:18</a></span>\r\n\t\t\t\t\t\t\t\t\t\t</p>\r\n\t\t\t\t\t\t\t\t\t</td>\r\n\t\t\t\t\t\t\t\t\t<td class="num">\r\n\t\t\t\t\t\t\t\t\t\t<span>\xe5\x9b\x9e\xe5\xa4\x8d<em>0</em></span>\r\n\t\t\t\t\t\t\t\t\t\t<span>\xe6\xb5\x8f\xe8\xa7\x88<em>0</em></span>\r\n\t\t\t\t\t\t\t\t\t</td>\r\n\t\t\t\t\t\t\t\t</tr>\r\n\t\t\t\t\t\t\t\t\t\t\t\t\t\t\t\t<tr>\r\n\t\t\t\t\t\t\t\t\t<td class="author"><a class="J_user_card_show" data-uid="877" href="http://47.107.116.139/phpwind/index.php?m=space&uid=877"><img src="http://47.107.116.139/phpwind/windid/attachment/avatar/000/00/08/877_small.jpg" onerror="this.onerror=null;this.src=\'http://47.107.116.139/phpwind/res/images/face/face_small.jpg\'" width="45" height="45" alt="beifan" /></a></td>\r\n\t\t\t\t\t\t\t\t\t<td class="subject">\r\n\t\t\t\t\t\t\t\t\t\t<p class="title">\r\n\t\t\t\t\t\t\t\t\t\t\t\t\t\t\t\t\t\t\t\t\t\t<a href="http://47.107.116.139/phpwind/read.php?tid=15534&fid=2" target="_blank"><span class="posts_icon"><i class="icon_topic" title="\xe6\x99\xae\xe9\x80\x9a\xe5\xb8\x96  \xe6\x96\xb0\xe7\xaa\x97\xe5\x8f\xa3\xe6\x89\x93\xe5\xbc\x80"></i></span></a>\r\n\t\t\t\t\t\t\t\t\t\t\t\t\t\t\t\t\t\t\t\t\t\t<a href="http://47.107.116.139/phpwind/index.php?c=thread&fid=2" class="st">[\xe6\x96\xb0\xe7\x89\x88\xe5\x9d\x97]</a>\r\n\t\t\t\t\t\t\t\t\t\t\t\t\t\t\t\t\t\t\t\t\t\t<a href="http://47.107.116.139/phpwind/read.php?tid=15534&fid=2" class="st" style="" title="beifan_1674991319.919285">beifan_1674991319.919285</a>\r\n\t\t\t\t\t\t\t\t\t\t\t\t\t\t\t\t\t\t\t\t\t</p>\r\n\t\t\t\t\t\t\t\t\t\t<p class="info">\r\n\t\t\t\t\t\t\t\t\t\t\t\xe6\xa5\xbc\xe4\xb8\xbb\xef\xbc\x9a<a class="J_user_card_show" data-uid="877" href="http://47.107.116.139/phpwind/index.php?m=space&uid=877">beifan</a><span>2023-01-29</span>\r\n\t\t\t\t\t\t\t\t\t\t\t\xe6\x9c\x80\xe5\x90\x8e\xe5\x9b\x9e\xe5\xa4\x8d\xef\xbc\x9a<a class="J_user_card_show" data-uid="877" href="http://47.107.116.139/phpwind/index.php?m=space&uid=877">beifan</a><span><a href="http://47.107.116.139/phpwind/read.php?tid=15534&fid=2&page=e#a" rel="nofollow" aria-label="\xe6\x9c\x80\xe5\x90\x8e\xe5\x9b\x9e\xe5\xa4\x8d\xe6\x97\xb6\xe9\x97\xb4">01-29 19:22</a></span>\r\n\t\t\t\t\t\t\t\t\t\t</p>\r\n\t\t\t\t\t\t\t\t\t</td>\r\n\t\t\t\t\t\t\t\t\t<td class="num">\r\n\t\t\t\t\t\t\t\t\t\t<span>\xe5\x9b\x9e\xe5\xa4\x8d<em>1</em></span>\r\n\t\t\t\t\t\t\t\t\t\t<span>\xe6\xb5\x8f\xe8\xa7\x88<em>1</em></span>\r\n\t\t\t\t\t\t\t\t\t</td>\r\n\t\t\t\t\t\t\t\t</tr>\r\n\t\t\t\t\t\t\t\t\t\t\t\t\t\t\t\t<tr>\r\n\t\t\t\t\t\t\t\t\t<td class="author"><a class="J_user_card_show" data-uid="877" href="http://47.107.116.139/phpwind/index.php?m=space&uid=877"><img src="http://47.107.116.139/phpwind/windid/attachment/avatar/000/00/08/877_small.jpg" onerror="this.onerror=null;this.src=\'http://47.107.116.139/phpwind/res/images/face/face_small.jpg\'" width="45" height="45" alt="beifan" /></a></td>\r\n\t\t\t\t\t\t\t\t\t<td class="subject">\r\n\t\t\t\t\t\t\t\t\t\t<p class="title">\r\n\t\t\t\t\t\t\t\t\t\t\t\t\t\t\t\t\t\t\t\t\t\t<a href="http://47.107.116.139/phpwind/read.php?tid=15533&fid=2" target="_blank"><span class="posts_icon"><i class="icon_topic" title="\xe6\x99\xae\xe9\x80\x9a\xe5\xb8\x96  \xe6\x96\xb0\xe7\xaa\x97\xe5\x8f\xa3\xe6\x89\x93\xe5\xbc\x80"></i></span></a>\r\n\t\t\t\t\t\t\t\t\t\t\t\t\t\t\t\t\t\t\t\t\t\t<a href="http://47.107.116.139/phpwind/index.php?c=thread&fid=2" class="st">[\xe6\x96\xb0\xe7\x89\x88\xe5\x9d\x97]</a>\r\n\t\t\t\t\t\t\t\t\t\t\t\t\t\t\t\t\t\t\t\t\t\t<a href="http://47.107.116.139/phpwind/read.php?tid=15533&fid=2" class="st" style="" title="beifan_1674988776.3080351">beifan_1674988776.3080351</a>\r\n\t\t\t\t\t\t\t\t\t\t\t\t\t\t\t\t\t\t\t\t\t</p>\r\n\t\t\t\t\t\t\t\t\t\t<p class="info">\r\n\t\t\t\t\t\t\t\t\t\t\t\xe6\xa5\xbc\xe4\xb8\xbb\xef\xbc\x9a<a class="J_user_card_show" data-uid="877" href="http://47.107.116.139/phpwind/index.php?m=space&uid=877">beifan</a><span>2023-01-29</span>\r\n\t\t\t\t\t\t\t\t\t\t\t\xe6\x9c\x80\xe5\x90\x8e\xe5\x9b\x9e\xe5\xa4\x8d\xef\xbc\x9a<a class="J_user_card_show" data-uid="877" href="http://47.107.116.139/phpwind/index.php?m=space&uid=877">beifan</a><span><a href="http://47.107.116.139/phpwind/read.php?tid=15533&fid=2&page=e#a" rel="nofollow" aria-label="\xe6\x9c\x80\xe5\x90\x8e\xe5\x9b\x9e\xe5\xa4\x8d\xe6\x97\xb6\xe9\x97\xb4">01-29 18:39</a></span>\r\n\t\t\t\t\t\t\t\t\t\t</p>\r\n\t\t\t\t\t\t\t\t\t</td>\r\n\t\t\t\t\t\t\t\t\t<td class="num">\r\n\t\t\t\t\t\t\t\t\t\t<span>\xe5\x9b\x9e\xe5\xa4\x8d<em>1</em></span>\r\n\t\t\t\t\t\t\t\t\t\t<span>\xe6\xb5\x8f\xe8\xa7\x88<em>1</em></span>\r\n\t\t\t\t\t\t\t\t\t</td>\r\n\t\t\t\t\t\t\t\t</tr>\r\n\t\t\t\t\t\t\t\t\t\t\t\t\t\t\t\t<tr>\r\n\t\t\t\t\t\t\t\t\t<td class="author"><a class="J_user_card_show" data-uid="877" href="http://47.107.116.139/phpwind/index.php?m=space&uid=877"><img src="http://47.107.116.139/phpwind/windid/attachment/avatar/000/00/08/877_small.jpg" onerror="this.onerror=null;this.src=\'http://47.107.116.139/phpwind/res/images/face/face_small.jpg\'" width="45" height="45" alt="beifan" /></a></td>\r\n\t\t\t\t\t\t\t\t\t<td class="subject">\r\n\t\t\t\t\t\t\t\t\t\t<p class="title">\r\n\t\t\t\t\t\t\t\t\t\t\t\t\t\t\t\t\t\t\t\t\t\t<a href="http://47.107.116.139/phpwind/read.php?tid=15532&fid=2" target="_blank"><span class="posts_icon"><i class="icon_topic" title="\xe6\x99\xae\xe9\x80\x9a\xe5\xb8\x96  \xe6\x96\xb0\xe7\xaa\x97\xe5\x8f\xa3\xe6\x89\x93\xe5\xbc\x80"></i></span></a>\r\n\t\t\t\t\t\t\t\t\t\t\t\t\t\t\t\t\t\t\t\t\t\t<a href="http://47.107.116.139/phpwind/index.php?c=thread&fid=2" class="st">[\xe6\x96\xb0\xe7\x89\x88\xe5\x9d\x97]</a>\r\n\t\t\t\t\t\t\t\t\t\t\t\t\t\t\t\t\t\t\t\t\t\t<a href="http://47.107.116.139/phpwind/read.php?tid=15532&fid=2" class="st" style="" title="beifan_1674984244.7660031">beifan_1674984244.7660031</a>\r\n\t\t\t\t\t\t\t\t\t\t\t\t\t\t\t\t\t\t\t\t\t</p>\r\n\t\t\t\t\t\t\t\t\t\t<p class="info">\r\n\t\t\t\t\t\t\t\t\t\t\t\xe6\xa5\xbc\xe4\xb8\xbb\xef\xbc\x9a<a class="J_user_card_show" data-uid="877" href="http://47.107.116.139/phpwind/index.php?m=space&uid=877">beifan</a><span>2023-01-29</span>\r\n\t\t\t\t\t\t\t\t\t\t\t\xe6\x9c\x80\xe5\x90\x8e\xe5\x9b\x9e\xe5\xa4\x8d\xef\xbc\x9a<a class="J_user_card_show" data-uid="877" href="http://47.107.116.139/phpwind/index.php?m=space&uid=877">beifan</a><span><a href="http://47.107.116.139/phpwind/read.php?tid=15532&fid=2&page=e#a" rel="nofollow" aria-label="\xe6\x9c\x80\xe5\x90\x8e\xe5\x9b\x9e\xe5\xa4\x8d\xe6\x97\xb6\xe9\x97\xb4">01-29 17:24</a></span>\r\n\t\t\t\t\t\t\t\t\t\t</p>\r\n\t\t\t\t\t\t\t\t\t</td>\r\n\t\t\t\t\t\t\t\t\t<td class="num">\r\n\t\t\t\t\t\t\t\t\t\t<span>\xe5\x9b\x9e\xe5\xa4\x8d<em>1</em></span>\r\n\t\t\t\t\t\t\t\t\t\t<span>\xe6\xb5\x8f\xe8\xa7\x88<em>1</em></span>\r\n\t\t\t\t\t\t\t\t\t</td>\r\n\t\t\t\t\t\t\t\t</tr>\r\n\t\t\t\t\t\t\t\t\t\t\t\t\t\t\t\t<tr>\r\n\t\t\t\t\t\t\t\t\t<td class="author"><a class="J_user_card_show" data-uid="877" href="http://47.107.116.139/phpwind/index.php?m=space&uid=877"><img src="http://47.107.116.139/phpwind/windid/attachment/avatar/000/00/08/877_small.jpg" onerror="this.onerror=null;this.src=\'http://47.107.116.139/phpwind/res/images/face/face_small.jpg\'" width="45" height="45" alt="beifan" /></a></td>\r\n\t\t\t\t\t\t\t\t\t<td class="subject">\r\n\t\t\t\t\t\t\t\t\t\t<p class="title">\r\n\t\t\t\t\t\t\t\t\t\t\t\t\t\t\t\t\t\t\t\t\t\t<a href="http://47.107.116.139/phpwind/read.php?tid=15531&fid=2" target="_blank"><span class="posts_icon"><i class="icon_topic" title="\xe6\x99\xae\xe9\x80\x9a\xe5\xb8\x96  \xe6\x96\xb0\xe7\xaa\x97\xe5\x8f\xa3\xe6\x89\x93\xe5\xbc\x80"></i></span></a>\r\n\t\t\t\t\t\t\t\t\t\t\t\t\t\t\t\t\t\t\t\t\t\t<a href="http://47.107.116.139/phpwind/index.php?c=thread&fid=2" class="st">[\xe6\x96\xb0\xe7\x89\x88\xe5\x9d\x97]</a>\r\n\t\t\t\t\t\t\t\t\t\t\t\t\t\t\t\t\t\t\t\t\t\t<a href="http://47.107.116.139/phpwind/read.php?tid=15531&fid=2" class="st" style="" title="beifan_1674984219.383661">beifan_1674984219.383661</a>\r\n\t\t\t\t\t\t\t\t\t\t\t\t\t\t\t\t\t\t\t\t\t</p>\r\n\t\t\t\t\t\t\t\t\t\t<p class="info">\r\n\t\t\t\t\t\t\t\t\t\t\t\xe6\xa5\xbc\xe4\xb8\xbb\xef\xbc\x9a<a class="J_user_card_show" data-uid="877" href="http://47.107.116.139/phpwind/index.php?m=space&uid=877">beifan</a><span>2023-01-29</span>\r\n\t\t\t\t\t\t\t\t\t\t\t\xe6\x9c\x80\xe5\x90\x8e\xe5\x9b\x9e\xe5\xa4\x8d\xef\xbc\x9a<a class="J_user_card_show" data-uid="877" href="http://47.107.116.139/phpwind/index.php?m=space&uid=877">beifan</a><span><a href="http://47.107.116.139/phpwind/read.php?tid=15531&fid=2&page=e#a" rel="nofollow" aria-label="\xe6\x9c\x80\xe5\x90\x8e\xe5\x9b\x9e\xe5\xa4\x8d\xe6\x97\xb6\xe9\x97\xb4">01-29 17:23</a></span>\r\n\t\t\t\t\t\t\t\t\t\t</p>\r\n\t\t\t\t\t\t\t\t\t</td>\r\n\t\t\t\t\t\t\t\t\t<td class="num">\r\n\t\t\t\t\t\t\t\t\t\t<span>\xe5\x9b\x9e\xe5\xa4\x8d<em>1</em></span>\r\n\t\t\t\t\t\t\t\t\t\t<span>\xe6\xb5\x8f\xe8\xa7\x88<em>1</em></span>\r\n\t\t\t\t\t\t\t\t\t</td>\r\n\t\t\t\t\t\t\t\t</tr>\r\n\t\t\t\t\t\t\t\t\t\t\t\t\t\t\t\t<tr>\r\n\t\t\t\t\t\t\t\t\t<td class="author"><a class="J_user_card_show" data-uid="877" href="http://47.107.116.139/phpwind/index.php?m=space&uid=877"><img src="http://47.107.116.139/phpwind/windid/attachment/avatar/000/00/08/877_small.jpg" onerror="this.onerror=null;this.src=\'http://47.107.116.139/phpwind/res/images/face/face_small.jpg\'" width="45" height="45" alt="beifan" /></a></td>\r\n\t\t\t\t\t\t\t\t\t<td class="subject">\r\n\t\t\t\t\t\t\t\t\t\t<p class="title">\r\n\t\t\t\t\t\t\t\t\t\t\t\t\t\t\t\t\t\t\t\t\t\t<a href="http://47.107.116.139/phpwind/read.php?tid=15530&fid=2" target="_blank"><span class="posts_icon"><i class="icon_topic" title="\xe6\x99\xae\xe9\x80\x9a\xe5\xb8\x96  \xe6\x96\xb0\xe7\xaa\x97\xe5\x8f\xa3\xe6\x89\x93\xe5\xbc\x80"></i></span></a>\r\n\t\t\t\t\t\t\t\t\t\t\t\t\t\t\t\t\t\t\t\t\t\t<a href="http://47.107.116.139/phpwind/index.php?c=thread&fid=2" class="st">[\xe6\x96\xb0\xe7\x89\x88\xe5\x9d\x97]</a>\r\n\t\t\t\t\t\t\t\t\t\t\t\t\t\t\t\t\t\t\t\t\t\t<a href="http://47.107.116.139/phpwind/read.php?tid=15530&fid=2" class="st" style="" title="beifan_1674984107.6688025">beifan_1674984107.6688025</a>\r\n\t\t\t\t\t\t\t\t\t\t\t\t\t\t\t\t\t\t\t\t\t</p>\r\n\t\t\t\t\t\t\t\t\t\t<p class="info">\r\n\t\t\t\t\t\t\t\t\t\t\t\xe6\xa5\xbc\xe4\xb8\xbb\xef\xbc\x9a<a class="J_user_card_show" data-uid="877" href="http://47.107.116.139/phpwind/index.php?m=space&uid=877">beifan</a><span>2023-01-29</span>\r\n\t\t\t\t\t\t\t\t\t\t\t\xe6\x9c\x80\xe5\x90\x8e\xe5\x9b\x9e\xe5\xa4\x8d\xef\xbc\x9a<a class="J_user_card_show" data-uid="877" href="http://47.107.116.139/phpwind/index.php?m=space&uid=877">beifan</a><span><a href="http://47.107.116.139/phpwind/read.php?tid=15530&fid=2&page=e#a" rel="nofollow" aria-label="\xe6\x9c\x80\xe5\x90\x8e\xe5\x9b\x9e\xe5\xa4\x8d\xe6\x97\xb6\xe9\x97\xb4">01-29 17:21</a></span>\r\n\t\t\t\t\t\t\t\t\t\t</p>\r\n\t\t\t\t\t\t\t\t\t</td>\r\n\t\t\t\t\t\t\t\t\t<td class="num">\r\n\t\t\t\t\t\t\t\t\t\t<span>\xe5\x9b\x9e\xe5\xa4\x8d<em>1</em></span>\r\n\t\t\t\t\t\t\t\t\t\t<span>\xe6\xb5\x8f\xe8\xa7\x88<em>1</em></span>\r\n\t\t\t\t\t\t\t\t\t</td>\r\n\t\t\t\t\t\t\t\t</tr>\r\n\t\t\t\t\t\t\t\t\t\t\t\t\t\t\t\t<tr>\r\n\t\t\t\t\t\t\t\t\t<td class="author"><a class="J_user_card_show" data-uid="877" href="http://47.107.116.139/phpwind/index.php?m=space&uid=877"><img src="http://47.107.116.139/phpwind/windid/attachment/avatar/000/00/08/877_small.jpg" onerror="this.onerror=null;this.src=\'http://47.107.116.139/phpwind/res/images/face/face_small.jpg\'" width="45" height="45" alt="beifan" /></a></td>\r\n\t\t\t\t\t\t\t\t\t<td class="subject">\r\n\t\t\t\t\t\t\t\t\t\t<p class="title">\r\n\t\t\t\t\t\t\t\t\t\t\t\t\t\t\t\t\t\t\t\t\t\t<a href="http://47.107.116.139/phpwind/read.php?tid=15529&fid=2" target="_blank"><span class="posts_icon"><i class="icon_topic" title="\xe6\x99\xae\xe9\x80\x9a\xe5\xb8\x96  \xe6\x96\xb0\xe7\xaa\x97\xe5\x8f\xa3\xe6\x89\x93\xe5\xbc\x80"></i></span></a>\r\n\t\t\t\t\t\t\t\t\t\t\t\t\t\t\t\t\t\t\t\t\t\t<a href="http://47.107.116.139/phpwind/index.php?c=thread&fid=2" class="st">[\xe6\x96\xb0\xe7\x89\x88\xe5\x9d\x97]</a>\r\n\t\t\t\t\t\t\t\t\t\t\t\t\t\t\t\t\t\t\t\t\t\t<a href="http://47.107.116.139/phpwind/read.php?tid=15529&fid=2" class="st" style="" title="beifan_1674984086.057333">beifan_1674984086.057333</a>\r\n\t\t\t\t\t\t\t\t\t\t\t\t\t\t\t\t\t\t\t\t\t</p>\r\n\t\t\t\t\t\t\t\t\t\t<p class="info">\r\n\t\t\t\t\t\t\t\t\t\t\t\xe6\xa5\xbc\xe4\xb8\xbb\xef\xbc\x9a<a class="J_user_card_show" data-uid="877" href="http://47.107.116.139/phpwind/index.php?m=space&uid=877">beifan</a><span>2023-01-29</span>\r\n\t\t\t\t\t\t\t\t\t\t\t\xe6\x9c\x80\xe5\x90\x8e\xe5\x9b\x9e\xe5\xa4\x8d\xef\xbc\x9a<a class="J_user_card_show" data-uid="877" href="http://47.107.116.139/phpwind/index.php?m=space&uid=877">beifan</a><span><a href="http://47.107.116.139/phpwind/read.php?tid=15529&fid=2&page=e#a" rel="nofollow" aria-label="\xe6\x9c\x80\xe5\x90\x8e\xe5\x9b\x9e\xe5\xa4\x8d\xe6\x97\xb6\xe9\x97\xb4">01-29 17:21</a></span>\r\n\t\t\t\t\t\t\t\t\t\t</p>\r\n\t\t\t\t\t\t\t\t\t</td>\r\n\t\t\t\t\t\t\t\t\t<td class="num">\r\n\t\t\t\t\t\t\t\t\t\t<span>\xe5\x9b\x9e\xe5\xa4\x8d<em>1</em></span>\r\n\t\t\t\t\t\t\t\t\t\t<span>\xe6\xb5\x8f\xe8\xa7\x88<em>1</em></span>\r\n\t\t\t\t\t\t\t\t\t</td>\r\n\t\t\t\t\t\t\t\t</tr>\r\n\t\t\t\t\t\t\t\t\t\t\t\t\t\t\t\t<tr>\r\n\t\t\t\t\t\t\t\t\t<td class="author"><a class="J_user_card_show" data-uid="877" href="http://47.107.116.139/phpwind/index.php?m=space&uid=877"><img src="http://47.107.116.139/phpwind/windid/attachment/avatar/000/00/08/877_small.jpg" onerror="this.onerror=null;this.src=\'http://47.107.116.139/phpwind/res/images/face/face_small.jpg\'" width="45" height="45" alt="beifan" /></a></td>\r\n\t\t\t\t\t\t\t\t\t<td class="subject">\r\n\t\t\t\t\t\t\t\t\t\t<p class="title">\r\n\t\t\t\t\t\t\t\t\t\t\t\t\t\t\t\t\t\t\t\t\t\t<a href="http://47.107.116.139/phpwind/read.php?tid=15528&fid=2" target="_blank"><span class="posts_icon"><i class="icon_topic" title="\xe6\x99\xae\xe9\x80\x9a\xe5\xb8\x96  \xe6\x96\xb0\xe7\xaa\x97\xe5\x8f\xa3\xe6\x89\x93\xe5\xbc\x80"></i></span></a>\r\n\t\t\t\t\t\t\t\t\t\t\t\t\t\t\t\t\t\t\t\t\t\t<a href="http://47.107.116.139/phpwind/index.php?c=thread&fid=2" class="st">[\xe6\x96\xb0\xe7\x89\x88\xe5\x9d\x97]</a>\r\n\t\t\t\t\t\t\t\t\t\t\t\t\t\t\t\t\t\t\t\t\t\t<a href="http://47.107.116.139/phpwind/read.php?tid=15528&fid=2" class="st" style="" title="beifan_1674984052.1475728">beifan_1674984052.1475728</a>\r\n\t\t\t\t\t\t\t\t\t\t\t\t\t\t\t\t\t\t\t\t\t</p>\r\n\t\t\t\t\t\t\t\t\t\t<p class="info">\r\n\t\t\t\t\t\t\t\t\t\t\t\xe6\xa5\xbc\xe4\xb8\xbb\xef\xbc\x9a<a class="J_user_card_show" data-uid="877" href="http://47.107.116.139/phpwind/index.php?m=space&uid=877">beifan</a><span>2023-01-29</span>\r\n\t\t\t\t\t\t\t\t\t\t\t\xe6\x9c\x80\xe5\x90\x8e\xe5\x9b\x9e\xe5\xa4\x8d\xef\xbc\x9a<a class="J_user_card_show" data-uid="877" href="http://47.107.116.139/phpwind/index.php?m=space&uid=877">beifan</a><span><a href="http://47.107.116.139/phpwind/read.php?tid=15528&fid=2&page=e#a" rel="nofollow" aria-label="\xe6\x9c\x80\xe5\x90\x8e\xe5\x9b\x9e\xe5\xa4\x8d\xe6\x97\xb6\xe9\x97\xb4">01-29 17:20</a></span>\r\n\t\t\t\t\t\t\t\t\t\t</p>\r\n\t\t\t\t\t\t\t\t\t</td>\r\n\t\t\t\t\t\t\t\t\t<td class="num">\r\n\t\t\t\t\t\t\t\t\t\t<span>\xe5\x9b\x9e\xe5\xa4\x8d<em>1</em></span>\r\n\t\t\t\t\t\t\t\t\t\t<span>\xe6\xb5\x8f\xe8\xa7\x88<em>1</em></span>\r\n\t\t\t\t\t\t\t\t\t</td>\r\n\t\t\t\t\t\t\t\t</tr>\r\n\t\t\t\t\t\t\t\t\t\t\t\t\t\t\t\t<tr>\r\n\t\t\t\t\t\t\t\t\t<td class="author"><a class="J_user_card_show" data-uid="877" href="http://47.107.116.139/phpwind/index.php?m=space&uid=877"><img src="http://47.107.116.139/phpwind/windid/attachment/avatar/000/00/08/877_small.jpg" onerror="this.onerror=null;this.src=\'http://47.107.116.139/phpwind/res/images/face/face_small.jpg\'" width="45" height="45" alt="beifan" /></a></td>\r\n\t\t\t\t\t\t\t\t\t<td class="subject">\r\n\t\t\t\t\t\t\t\t\t\t<p class="title">\r\n\t\t\t\t\t\t\t\t\t\t\t\t\t\t\t\t\t\t\t\t\t\t<a href="http://47.107.116.139/phpwind/read.php?tid=15527&fid=2" target="_blank"><span class="posts_icon"><i class="icon_topic" title="\xe6\x99\xae\xe9\x80\x9a\xe5\xb8\x96  \xe6\x96\xb0\xe7\xaa\x97\xe5\x8f\xa3\xe6\x89\x93\xe5\xbc\x80"></i></span></a>\r\n\t\t\t\t\t\t\t\t\t\t\t\t\t\t\t\t\t\t\t\t\t\t<a href="http://47.107.116.139/phpwind/index.php?c=thread&fid=2" class="st">[\xe6\x96\xb0\xe7\x89\x88\xe5\x9d\x97]</a>\r\n\t\t\t\t\t\t\t\t\t\t\t\t\t\t\t\t\t\t\t\t\t\t<a href="http://47.107.116.139/phpwind/read.php?tid=15527&fid=2" class="st" style="" title="beifan_1674983970.9844272">beifan_1674983970.9844272</a>\r\n\t\t\t\t\t\t\t\t\t\t\t\t\t\t\t\t\t\t\t\t\t</p>\r\n\t\t\t\t\t\t\t\t\t\t<p class="info">\r\n\t\t\t\t\t\t\t\t\t\t\t\xe6\xa5\xbc\xe4\xb8\xbb\xef\xbc\x9a<a class="J_user_card_show" data-uid="877" href="http://47.107.116.139/phpwind/index.php?m=space&uid=877">beifan</a><span>2023-01-29</span>\r\n\t\t\t\t\t\t\t\t\t\t\t\xe6\x9c\x80\xe5\x90\x8e\xe5\x9b\x9e\xe5\xa4\x8d\xef\xbc\x9a<a class="J_user_card_show" data-uid="877" href="http://47.107.116.139/phpwind/index.php?m=space&uid=877">beifan</a><span><a href="http://47.107.116.139/phpwind/read.php?tid=15527&fid=2&page=e#a" rel="nofollow" aria-label="\xe6\x9c\x80\xe5\x90\x8e\xe5\x9b\x9e\xe5\xa4\x8d\xe6\x97\xb6\xe9\x97\xb4">01-29 17:19</a></span>\r\n\t\t\t\t\t\t\t\t\t\t</p>\r\n\t\t\t\t\t\t\t\t\t</td>\r\n\t\t\t\t\t\t\t\t\t<td class="num">\r\n\t\t\t\t\t\t\t\t\t\t<span>\xe5\x9b\x9e\xe5\xa4\x8d<em>1</em></span>\r\n\t\t\t\t\t\t\t\t\t\t<span>\xe6\xb5\x8f\xe8\xa7\x88<em>1</em></span>\r\n\t\t\t\t\t\t\t\t\t</td>\r\n\t\t\t\t\t\t\t\t</tr>\r\n\t\t\t\t\t\t\t\t\t\t\t\t\t\t\t\t<tr>\r\n\t\t\t\t\t\t\t\t\t<td class="author"><a class="J_user_card_show" data-uid="877" href="http://47.107.116.139/phpwind/index.php?m=space&uid=877"><img src="http://47.107.116.139/phpwind/windid/attachment/avatar/000/00/08/877_small.jpg" onerror="this.onerror=null;this.src=\'http://47.107.116.139/phpwind/res/images/face/face_small.jpg\'" width="45" height="45" alt="beifan" /></a></td>\r\n\t\t\t\t\t\t\t\t\t<td class="subject">\r\n\t\t\t\t\t\t\t\t\t\t<p class="title">\r\n\t\t\t\t\t\t\t\t\t\t\t\t\t\t\t\t\t\t\t\t\t\t<a href="http://47.107.116.139/phpwind/read.php?tid=15526&fid=2" target="_blank"><span class="posts_icon"><i class="icon_topic" title="\xe6\x99\xae\xe9\x80\x9a\xe5\xb8\x96  \xe6\x96\xb0\xe7\xaa\x97\xe5\x8f\xa3\xe6\x89\x93\xe5\xbc\x80"></i></span></a>\r\n\t\t\t\t\t\t\t\t\t\t\t\t\t\t\t\t\t\t\t\t\t\t<a href="http://47.107.116.139/phpwind/index.php?c=thread&fid=2" class="st">[\xe6\x96\xb0\xe7\x89\x88\xe5\x9d\x97]</a>\r\n\t\t\t\t\t\t\t\t\t\t\t\t\t\t\t\t\t\t\t\t\t\t<a href="http://47.107.116.139/phpwind/read.php?tid=15526&fid=2" class="st" style="" title="beifan_1674983940.7353384">beifan_1674983940.7353384</a>\r\n\t\t\t\t\t\t\t\t\t\t\t\t\t\t\t\t\t\t\t\t\t</p>\r\n\t\t\t\t\t\t\t\t\t\t<p class="info">\r\n\t\t\t\t\t\t\t\t\t\t\t\xe6\xa5\xbc\xe4\xb8\xbb\xef\xbc\x9a<a class="J_user_card_show" data-uid="877" href="http://47.107.116.139/phpwind/index.php?m=space&uid=877">beifan</a><span>2023-01-29</span>\r\n\t\t\t\t\t\t\t\t\t\t\t\xe6\x9c\x80\xe5\x90\x8e\xe5\x9b\x9e\xe5\xa4\x8d\xef\xbc\x9a<a class="J_user_card_show" data-uid="877" href="http://47.107.116.139/phpwind/index.php?m=space&uid=877">beifan</a><span><a href="http://47.107.116.139/phpwind/read.php?tid=15526&fid=2&page=e#a" rel="nofollow" aria-label="\xe6\x9c\x80\xe5\x90\x8e\xe5\x9b\x9e\xe5\xa4\x8d\xe6\x97\xb6\xe9\x97\xb4">01-29 17:19</a></span>\r\n\t\t\t\t\t\t\t\t\t\t</p>\r\n\t\t\t\t\t\t\t\t\t</td>\r\n\t\t\t\t\t\t\t\t\t<td class="num">\r\n\t\t\t\t\t\t\t\t\t\t<span>\xe5\x9b\x9e\xe5\xa4\x8d<em>0</em></span>\r\n\t\t\t\t\t\t\t\t\t\t<span>\xe6\xb5\x8f\xe8\xa7\x88<em>0</em></span>\r\n\t\t\t\t\t\t\t\t\t</td>\r\n\t\t\t\t\t\t\t\t</tr>\r\n\t\t\t\t\t\t\t\t\t\t\t\t\t\t\t\t<tr>\r\n\t\t\t\t\t\t\t\t\t<td class="author"><a class="J_user_card_show" data-uid="877" href="http://47.107.116.139/phpwind/index.php?m=space&uid=877"><img src="http://47.107.116.139/phpwind/windid/attachment/avatar/000/00/08/877_small.jpg" onerror="this.onerror=null;this.src=\'http://47.107.116.139/phpwind/res/images/face/face_small.jpg\'" width="45" height="45" alt="beifan" /></a></td>\r\n\t\t\t\t\t\t\t\t\t<td class="subject">\r\n\t\t\t\t\t\t\t\t\t\t<p class="title">\r\n\t\t\t\t\t\t\t\t\t\t\t\t\t\t\t\t\t\t\t\t\t\t<a href="http://47.107.116.139/phpwind/read.php?tid=15525&fid=2" target="_blank"><span class="posts_icon"><i class="icon_topic" title="\xe6\x99\xae\xe9\x80\x9a\xe5\xb8\x96  \xe6\x96\xb0\xe7\xaa\x97\xe5\x8f\xa3\xe6\x89\x93\xe5\xbc\x80"></i></span></a>\r\n\t\t\t\t\t\t\t\t\t\t\t\t\t\t\t\t\t\t\t\t\t\t<a href="http://47.107.116.139/phpwind/index.php?c=thread&fid=2" class="st">[\xe6\x96\xb0\xe7\x89\x88\xe5\x9d\x97]</a>\r\n\t\t\t\t\t\t\t\t\t\t\t\t\t\t\t\t\t\t\t\t\t\t<a href="http://47.107.116.139/phpwind/read.php?tid=15525&fid=2" class="st" style="" title="beifan_1674983738.8014998">beifan_1674983738.8014998</a>\r\n\t\t\t\t\t\t\t\t\t\t\t\t\t\t\t\t\t\t\t\t\t</p>\r\n\t\t\t\t\t\t\t\t\t\t<p class="info">\r\n\t\t\t\t\t\t\t\t\t\t\t\xe6\xa5\xbc\xe4\xb8\xbb\xef\xbc\x9a<a class="J_user_card_show" data-uid="877" href="http://47.107.116.139/phpwind/index.php?m=space&uid=877">beifan</a><span>2023-01-29</span>\r\n\t\t\t\t\t\t\t\t\t\t\t\xe6\x9c\x80\xe5\x90\x8e\xe5\x9b\x9e\xe5\xa4\x8d\xef\xbc\x9a<a class="J_user_card_show" data-uid="877" href="http://47.107.116.139/phpwind/index.php?m=space&uid=877">beifan</a><span><a href="http://47.107.116.139/phpwind/read.php?tid=15525&fid=2&page=e#a" rel="nofollow" aria-label="\xe6\x9c\x80\xe5\x90\x8e\xe5\x9b\x9e\xe5\xa4\x8d\xe6\x97\xb6\xe9\x97\xb4">01-29 17:15</a></span>\r\n\t\t\t\t\t\t\t\t\t\t</p>\r\n\t\t\t\t\t\t\t\t\t</td>\r\n\t\t\t\t\t\t\t\t\t<td class="num">\r\n\t\t\t\t\t\t\t\t\t\t<span>\xe5\x9b\x9e\xe5\xa4\x8d<em>0</em></span>\r\n\t\t\t\t\t\t\t\t\t\t<span>\xe6\xb5\x8f\xe8\xa7\x88<em>0</em></span>\r\n\t\t\t\t\t\t\t\t\t</td>\r\n\t\t\t\t\t\t\t\t</tr>\r\n\t\t\t\t\t\t\t\t\t\t\t\t\t\t\t\t<tr>\r\n\t\t\t\t\t\t\t\t\t<td class="author"><a class="J_user_card_show" data-uid="877" href="http://47.107.116.139/phpwind/index.php?m=space&uid=877"><img src="http://47.107.116.139/phpwind/windid/attachment/avatar/000/00/08/877_small.jpg" onerror="this.onerror=null;this.src=\'http://47.107.116.139/phpwind/res/images/face/face_small.jpg\'" width="45" height="45" alt="beifan" /></a></td>\r\n\t\t\t\t\t\t\t\t\t<td class="subject">\r\n\t\t\t\t\t\t\t\t\t\t<p class="title">\r\n\t\t\t\t\t\t\t\t\t\t\t\t\t\t\t\t\t\t\t\t\t\t<a href="http://47.107.116.139/phpwind/read.php?tid=15523&fid=2" target="_blank"><span class="posts_icon"><i class="icon_topichot" title="\xe7\x83\xad\xe9\x97\xa8\xe5\xb8\x96  \xe6\x96\xb0\xe7\xaa\x97\xe5\x8f\xa3\xe6\x89\x93\xe5\xbc\x80"></i></span></a>\r\n\t\t\t\t\t\t\t\t\t\t\t\t\t\t\t\t\t\t\t\t\t\t<a href="http://47.107.116.139/phpwind/index.php?c=thread&fid=2" class="st">[\xe6\x96\xb0\xe7\x89\x88\xe5\x9d\x97]</a>\r\n\t\t\t\t\t\t\t\t\t\t\t\t\t\t\t\t\t\t\t\t\t\t<a href="http://47.107.116.139/phpwind/read.php?tid=15523&fid=2" class="st" style="" title="beifan_1674982817.7838914">beifan_1674982817.7838914</a>\r\n\t\t\t\t\t\t\t\t\t\t\t\t\t\t\t\t\t\t\t\t\t</p>\r\n\t\t\t\t\t\t\t\t\t\t<p class="info">\r\n\t\t\t\t\t\t\t\t\t\t\t\xe6\xa5\xbc\xe4\xb8\xbb\xef\xbc\x9a<a class="J_user_card_show" data-uid="877" href="http://47.107.116.139/phpwind/index.php?m=space&uid=877">beifan</a><span>2023-01-29</span>\r\n\t\t\t\t\t\t\t\t\t\t\t\xe6\x9c\x80\xe5\x90\x8e\xe5\x9b\x9e\xe5\xa4\x8d\xef\xbc\x9a<a class="J_user_card_show" data-uid="877" href="http://47.107.116.139/phpwind/index.php?m=space&uid=877">beifan</a><span><a href="http://47.107.116.139/phpwind/read.php?tid=15523&fid=2&page=e#a" rel="nofollow" aria-label="\xe6\x9c\x80\xe5\x90\x8e\xe5\x9b\x9e\xe5\xa4\x8d\xe6\x97\xb6\xe9\x97\xb4">01-29 17:15</a></span>\r\n\t\t\t\t\t\t\t\t\t\t</p>\r\n\t\t\t\t\t\t\t\t\t</td>\r\n\t\t\t\t\t\t\t\t\t<td class="num">\r\n\t\t\t\t\t\t\t\t\t\t<span>\xe5\x9b\x9e\xe5\xa4\x8d<em>5</em></span>\r\n\t\t\t\t\t\t\t\t\t\t<span>\xe6\xb5\x8f\xe8\xa7\x88<em>5</em></span>\r\n\t\t\t\t\t\t\t\t\t</td>\r\n\t\t\t\t\t\t\t\t</tr>\r\n\t\t\t\t\t\t\t\t\t\t\t\t\t\t\t\t<tr>\r\n\t\t\t\t\t\t\t\t\t<td class="author"><a class="J_user_card_show" data-uid="877" href="http://47.107.116.139/phpwind/index.php?m=space&uid=877"><img src="http://47.107.116.139/phpwind/windid/attachment/avatar/000/00/08/877_small.jpg" onerror="this.onerror=null;this.src=\'http://47.107.116.139/phpwind/res/images/face/face_small.jpg\'" width="45" height="45" alt="beifan" /></a></td>\r\n\t\t\t\t\t\t\t\t\t<td class="subject">\r\n\t\t\t\t\t\t\t\t\t\t<p class="title">\r\n\t\t\t\t\t\t\t\t\t\t\t\t\t\t\t\t\t\t\t\t\t\t<a href="http://47.107.116.139/phpwind/read.php?tid=15524&fid=2" target="_blank"><span class="posts_icon"><i class="icon_topic" title="\xe6\x99\xae\xe9\x80\x9a\xe5\xb8\x96  \xe6\x96\xb0\xe7\xaa\x97\xe5\x8f\xa3\xe6\x89\x93\xe5\xbc\x80"></i></span></a>\r\n\t\t\t\t\t\t\t\t\t\t\t\t\t\t\t\t\t\t\t\t\t\t<a href="http://47.107.116.139/phpwind/index.php?c=thread&fid=2" class="st">[\xe6\x96\xb0\xe7\x89\x88\xe5\x9d\x97]</a>\r\n\t\t\t\t\t\t\t\t\t\t\t\t\t\t\t\t\t\t\t\t\t\t<a href="http://47.107.116.139/phpwind/read.php?tid=15524&fid=2" class="st" style="" title="beifan_1674982901.618822">beifan_1674982901.618822</a>\r\n\t\t\t\t\t\t\t\t\t\t\t\t\t\t\t\t\t\t\t\t\t</p>\r\n\t\t\t\t\t\t\t\t\t\t<p class="info">\r\n\t\t\t\t\t\t\t\t\t\t\t\xe6\xa5\xbc\xe4\xb8\xbb\xef\xbc\x9a<a class="J_user_card_show" data-uid="877" href="http://47.107.116.139/phpwind/index.php?m=space&uid=877">beifan</a><span>2023-01-29</span>\r\n\t\t\t\t\t\t\t\t\t\t\t\xe6\x9c\x80\xe5\x90\x8e\xe5\x9b\x9e\xe5\xa4\x8d\xef\xbc\x9a<a class="J_user_card_show" data-uid="877" href="http://47.107.116.139/phpwind/index.php?m=space&uid=877">beifan</a><span><a href="http://47.107.116.139/phpwind/read.php?tid=15524&fid=2&page=e#a" rel="nofollow" aria-label="\xe6\x9c\x80\xe5\x90\x8e\xe5\x9b\x9e\xe5\xa4\x8d\xe6\x97\xb6\xe9\x97\xb4">01-29 17:01</a></span>\r\n\t\t\t\t\t\t\t\t\t\t</p>\r\n\t\t\t\t\t\t\t\t\t</td>\r\n\t\t\t\t\t\t\t\t\t<td class="num">\r\n\t\t\t\t\t\t\t\t\t\t<span>\xe5\x9b\x9e\xe5\xa4\x8d<em>1</em></span>\r\n\t\t\t\t\t\t\t\t\t\t<span>\xe6\xb5\x8f\xe8\xa7\x88<em>1</em></span>\r\n\t\t\t\t\t\t\t\t\t</td>\r\n\t\t\t\t\t\t\t\t</tr>\r\n\t\t\t\t\t\t\t\t\t\t\t\t\t\t\t\t<tr>\r\n\t\t\t\t\t\t\t\t\t<td class="author"><a class="J_user_card_show" data-uid="877" href="http://47.107.116.139/phpwind/index.php?m=space&uid=877"><img src="http://47.107.116.139/phpwind/windid/attachment/avatar/000/00/08/877_small.jpg" onerror="this.onerror=null;this.src=\'http://47.107.116.139/phpwind/res/images/face/face_small.jpg\'" width="45" height="45" alt="beifan" /></a></td>\r\n\t\t\t\t\t\t\t\t\t<td class="subject">\r\n\t\t\t\t\t\t\t\t\t\t<p class="title">\r\n\t\t\t\t\t\t\t\t\t\t\t\t\t\t\t\t\t\t\t\t\t\t<a href="http://47.107.116.139/phpwind/read.php?tid=15522&fid=2" target="_blank"><span class="posts_icon"><i class="icon_topic" title="\xe6\x99\xae\xe9\x80\x9a\xe5\xb8\x96  \xe6\x96\xb0\xe7\xaa\x97\xe5\x8f\xa3\xe6\x89\x93\xe5\xbc\x80"></i></span></a>\r\n\t\t\t\t\t\t\t\t\t\t\t\t\t\t\t\t\t\t\t\t\t\t<a href="http://47.107.116.139/phpwind/index.php?c=thread&fid=2" class="st">[\xe6\x96\xb0\xe7\x89\x88\xe5\x9d\x97]</a>\r\n\t\t\t\t\t\t\t\t\t\t\t\t\t\t\t\t\t\t\t\t\t\t<a href="http://47.107.116.139/phpwind/read.php?tid=15522&fid=2" class="st" style="" title="beifan_1674982642.405547">beifan_1674982642.405547</a>\r\n\t\t\t\t\t\t\t\t\t\t\t\t\t\t\t\t\t\t\t\t\t</p>\r\n\t\t\t\t\t\t\t\t\t\t<p class="info">\r\n\t\t\t\t\t\t\t\t\t\t\t\xe6\xa5\xbc\xe4\xb8\xbb\xef\xbc\x9a<a class="J_user_card_show" data-uid="877" href="http://47.107.116.139/phpwind/index.php?m=space&uid=877">beifan</a><span>2023-01-29</span>\r\n\t\t\t\t\t\t\t\t\t\t\t\xe6\x9c\x80\xe5\x90\x8e\xe5\x9b\x9e\xe5\xa4\x8d\xef\xbc\x9a<a class="J_user_card_show" data-uid="877" href="http://47.107.116.139/phpwind/index.php?m=space&uid=877">beifan</a><span><a href="http://47.107.116.139/phpwind/read.php?tid=15522&fid=2&page=e#a" rel="nofollow" aria-label="\xe6\x9c\x80\xe5\x90\x8e\xe5\x9b\x9e\xe5\xa4\x8d\xe6\x97\xb6\xe9\x97\xb4">01-29 16:57</a></span>\r\n\t\t\t\t\t\t\t\t\t\t</p>\r\n\t\t\t\t\t\t\t\t\t</td>\r\n\t\t\t\t\t\t\t\t\t<td class="num">\r\n\t\t\t\t\t\t\t\t\t\t<span>\xe5\x9b\x9e\xe5\xa4\x8d<em>0</em></span>\r\n\t\t\t\t\t\t\t\t\t\t<span>\xe6\xb5\x8f\xe8\xa7\x88<em>0</em></span>\r\n\t\t\t\t\t\t\t\t\t</td>\r\n\t\t\t\t\t\t\t\t</tr>\r\n\t\t\t\t\t\t\t\t\t\t\t\t\t\t\t\t<tr>\r\n\t\t\t\t\t\t\t\t\t<td class="author"><a class="J_user_card_show" data-uid="877" href="http://47.107.116.139/phpwind/index.php?m=space&uid=877"><img src="http://47.107.116.139/phpwind/windid/attachment/avatar/000/00/08/877_small.jpg" onerror="this.onerror=null;this.src=\'http://47.107.116.139/phpwind/res/images/face/face_small.jpg\'" width="45" height="45" alt="beifan" /></a></td>\r\n\t\t\t\t\t\t\t\t\t<td class="subject">\r\n\t\t\t\t\t\t\t\t\t\t<p class="title">\r\n\t\t\t\t\t\t\t\t\t\t\t\t\t\t\t\t\t\t\t\t\t\t<a href="http://47.107.116.139/phpwind/read.php?tid=15521&fid=2" target="_blank"><span class="posts_icon"><i class="icon_topic" title="\xe6\x99\xae\xe9\x80\x9a\xe5\xb8\x96  \xe6\x96\xb0\xe7\xaa\x97\xe5\x8f\xa3\xe6\x89\x93\xe5\xbc\x80"></i></span></a>\r\n\t\t\t\t\t\t\t\t\t\t\t\t\t\t\t\t\t\t\t\t\t\t<a href="http://47.107.116.139/phpwind/index.php?c=thread&fid=2" class="st">[\xe6\x96\xb0\xe7\x89\x88\xe5\x9d\x97]</a>\r\n\t\t\t\t\t\t\t\t\t\t\t\t\t\t\t\t\t\t\t\t\t\t<a href="http://47.107.116.139/phpwind/read.php?tid=15521&fid=2" class="st" style="" title="beifan_1674982565.49985">beifan_1674982565.49985</a>\r\n\t\t\t\t\t\t\t\t\t\t\t\t\t\t\t\t\t\t\t\t\t</p>\r\n\t\t\t\t\t\t\t\t\t\t<p class="info">\r\n\t\t\t\t\t\t\t\t\t\t\t\xe6\xa5\xbc\xe4\xb8\xbb\xef\xbc\x9a<a class="J_user_card_show" data-uid="877" href="http://47.107.116.139/phpwind/index.php?m=space&uid=877">beifan</a><span>2023-01-29</span>\r\n\t\t\t\t\t\t\t\t\t\t\t\xe6\x9c\x80\xe5\x90\x8e\xe5\x9b\x9e\xe5\xa4\x8d\xef\xbc\x9a<a class="J_user_card_show" data-uid="877" href="http://47.107.116.139/phpwind/index.php?m=space&uid=877">beifan</a><span><a href="http://47.107.116.139/phpwind/read.php?tid=15521&fid=2&page=e#a" rel="nofollow" aria-label="\xe6\x9c\x80\xe5\x90\x8e\xe5\x9b\x9e\xe5\xa4\x8d\xe6\x97\xb6\xe9\x97\xb4">01-29 16:56</a></span>\r\n\t\t\t\t\t\t\t\t\t\t</p>\r\n\t\t\t\t\t\t\t\t\t</td>\r\n\t\t\t\t\t\t\t\t\t<td class="num">\r\n\t\t\t\t\t\t\t\t\t\t<span>\xe5\x9b\x9e\xe5\xa4\x8d<em>0</em></span>\r\n\t\t\t\t\t\t\t\t\t\t<span>\xe6\xb5\x8f\xe8\xa7\x88<em>0</em></span>\r\n\t\t\t\t\t\t\t\t\t</td>\r\n\t\t\t\t\t\t\t\t</tr>\r\n\t\t\t\t\t\t\t\t\t\t\t\t\t\t\t\t<tr>\r\n\t\t\t\t\t\t\t\t\t<td class="author"><a class="J_user_card_show" data-uid="877" href="http://47.107.116.139/phpwind/index.php?m=space&uid=877"><img src="http://47.107.116.139/phpwind/windid/attachment/avatar/000/00/08/877_small.jpg" onerror="this.onerror=null;this.src=\'http://47.107.116.139/phpwind/res/images/face/face_small.jpg\'" width="45" height="45" alt="beifan" /></a></td>\r\n\t\t\t\t\t\t\t\t\t<td class="subject">\r\n\t\t\t\t\t\t\t\t\t\t<p class="title">\r\n\t\t\t\t\t\t\t\t\t\t\t\t\t\t\t\t\t\t\t\t\t\t<a href="http://47.107.116.139/phpwind/read.php?tid=15520&fid=2" target="_blank"><span class="posts_icon"><i class="icon_topic" title="\xe6\x99\xae\xe9\x80\x9a\xe5\xb8\x96  \xe6\x96\xb0\xe7\xaa\x97\xe5\x8f\xa3\xe6\x89\x93\xe5\xbc\x80"></i></span></a>\r\n\t\t\t\t\t\t\t\t\t\t\t\t\t\t\t\t\t\t\t\t\t\t<a href="http://47.107.116.139/phpwind/index.php?c=thread&fid=2" class="st">[\xe6\x96\xb0\xe7\x89\x88\xe5\x9d\x97]</a>\r\n\t\t\t\t\t\t\t\t\t\t\t\t\t\t\t\t\t\t\t\t\t\t<a href="http://47.107.116.139/phpwind/read.php?tid=15520&fid=2" class="st" style="" title="beifan_1674982388.5652056">beifan_1674982388.5652056</a>\r\n\t\t\t\t\t\t\t\t\t\t\t\t\t\t\t\t\t\t\t\t\t</p>\r\n\t\t\t\t\t\t\t\t\t\t<p class="info">\r\n\t\t\t\t\t\t\t\t\t\t\t\xe6\xa5\xbc\xe4\xb8\xbb\xef\xbc\x9a<a class="J_user_card_show" data-uid="877" href="http://47.107.116.139/phpwind/index.php?m=space&uid=877">beifan</a><span>2023-01-29</span>\r\n\t\t\t\t\t\t\t\t\t\t\t\xe6\x9c\x80\xe5\x90\x8e\xe5\x9b\x9e\xe5\xa4\x8d\xef\xbc\x9a<a class="J_user_card_show" data-uid="877" href="http://47.107.116.139/phpwind/index.php?m=space&uid=877">beifan</a><span><a href="http://47.107.116.139/phpwind/read.php?tid=15520&fid=2&page=e#a" rel="nofollow" aria-label="\xe6\x9c\x80\xe5\x90\x8e\xe5\x9b\x9e\xe5\xa4\x8d\xe6\x97\xb6\xe9\x97\xb4">01-29 16:53</a></span>\r\n\t\t\t\t\t\t\t\t\t\t</p>\r\n\t\t\t\t\t\t\t\t\t</td>\r\n\t\t\t\t\t\t\t\t\t<td class="num">\r\n\t\t\t\t\t\t\t\t\t\t<span>\xe5\x9b\x9e\xe5\xa4\x8d<em>0</em></span>\r\n\t\t\t\t\t\t\t\t\t\t<span>\xe6\xb5\x8f\xe8\xa7\x88<em>0</em></span>\r\n\t\t\t\t\t\t\t\t\t</td>\r\n\t\t\t\t\t\t\t\t</tr>\r\n\t\t\t\t\t\t\t\t\t\t\t\t\t\t\t\t<tr>\r\n\t\t\t\t\t\t\t\t\t<td class="author"><a class="J_user_card_show" data-uid="877" href="http://47.107.116.139/phpwind/index.php?m=space&uid=877"><img src="http://47.107.116.139/phpwind/windid/attachment/avatar/000/00/08/877_small.jpg" onerror="this.onerror=null;this.src=\'http://47.107.116.139/phpwind/res/images/face/face_small.jpg\'" width="45" height="45" alt="beifan" /></a></td>\r\n\t\t\t\t\t\t\t\t\t<td class="subject">\r\n\t\t\t\t\t\t\t\t\t\t<p class="title">\r\n\t\t\t\t\t\t\t\t\t\t\t\t\t\t\t\t\t\t\t\t\t\t<a href="http://47.107.116.139/phpwind/read.php?tid=15519&fid=2" target="_blank"><span class="posts_icon"><i class="icon_topic" title="\xe6\x99\xae\xe9\x80\x9a\xe5\xb8\x96  \xe6\x96\xb0\xe7\xaa\x97\xe5\x8f\xa3\xe6\x89\x93\xe5\xbc\x80"></i></span></a>\r\n\t\t\t\t\t\t\t\t\t\t\t\t\t\t\t\t\t\t\t\t\t\t<a href="http://47.107.116.139/phpwind/index.php?c=thread&fid=2" class="st">[\xe6\x96\xb0\xe7\x89\x88\xe5\x9d\x97]</a>\r\n\t\t\t\t\t\t\t\t\t\t\t\t\t\t\t\t\t\t\t\t\t\t<a href="http://47.107.116.139/phpwind/read.php?tid=15519&fid=2" class="st" style="" title="beifan_1674982106.943646">beifan_1674982106.943646</a>\r\n\t\t\t\t\t\t\t\t\t\t\t\t\t\t\t\t\t\t\t\t\t</p>\r\n\t\t\t\t\t\t\t\t\t\t<p class="info">\r\n\t\t\t\t\t\t\t\t\t\t\t\xe6\xa5\xbc\xe4\xb8\xbb\xef\xbc\x9a<a class="J_user_card_show" data-uid="877" href="http://47.107.116.139/phpwind/index.php?m=space&uid=877">beifan</a><span>2023-01-29</span>\r\n\t\t\t\t\t\t\t\t\t\t\t\xe6\x9c\x80\xe5\x90\x8e\xe5\x9b\x9e\xe5\xa4\x8d\xef\xbc\x9a<a class="J_user_card_show" data-uid="877" href="http://47.107.116.139/phpwind/index.php?m=space&uid=877">beifan</a><span><a href="http://47.107.116.139/phpwind/read.php?tid=15519&fid=2&page=e#a" rel="nofollow" aria-label="\xe6\x9c\x80\xe5\x90\x8e\xe5\x9b\x9e\xe5\xa4\x8d\xe6\x97\xb6\xe9\x97\xb4">01-29 16:48</a></span>\r\n\t\t\t\t\t\t\t\t\t\t</p>\r\n\t\t\t\t\t\t\t\t\t</td>\r\n\t\t\t\t\t\t\t\t\t<td class="num">\r\n\t\t\t\t\t\t\t\t\t\t<span>\xe5\x9b\x9e\xe5\xa4\x8d<em>0</em></span>\r\n\t\t\t\t\t\t\t\t\t\t<span>\xe6\xb5\x8f\xe8\xa7\x88<em>0</em></span>\r\n\t\t\t\t\t\t\t\t\t</td>\r\n\t\t\t\t\t\t\t\t</tr>\r\n\t\t\t\t\t\t\t\t\t\t\t\t\t\t\t\t<tr>\r\n\t\t\t\t\t\t\t\t\t<td class="author"><a class="J_user_card_show" data-uid="877" href="http://47.107.116.139/phpwind/index.php?m=space&uid=877"><img src="http://47.107.116.139/phpwind/windid/attachment/avatar/000/00/08/877_small.jpg" onerror="this.onerror=null;this.src=\'http://47.107.116.139/phpwind/res/images/face/face_small.jpg\'" width="45" height="45" alt="beifan" /></a></td>\r\n\t\t\t\t\t\t\t\t\t<td class="subject">\r\n\t\t\t\t\t\t\t\t\t\t<p class="title">\r\n\t\t\t\t\t\t\t\t\t\t\t\t\t\t\t\t\t\t\t\t\t\t<a href="http://47.107.116.139/phpwind/read.php?tid=15518&fid=2" target="_blank"><span class="posts_icon"><i class="icon_topic" title="\xe6\x99\xae\xe9\x80\x9a\xe5\xb8\x96  \xe6\x96\xb0\xe7\xaa\x97\xe5\x8f\xa3\xe6\x89\x93\xe5\xbc\x80"></i></span></a>\r\n\t\t\t\t\t\t\t\t\t\t\t\t\t\t\t\t\t\t\t\t\t\t<a href="http://47.107.116.139/phpwind/index.php?c=thread&fid=2" class="st">[\xe6\x96\xb0\xe7\x89\x88\xe5\x9d\x97]</a>\r\n\t\t\t\t\t\t\t\t\t\t\t\t\t\t\t\t\t\t\t\t\t\t<a href="http://47.107.116.139/phpwind/read.php?tid=15518&fid=2" class="st" style="" title="beifan_1674977537.2322927">beifan_1674977537.2322927</a>\r\n\t\t\t\t\t\t\t\t\t\t\t\t\t\t\t\t\t\t\t\t\t</p>\r\n\t\t\t\t\t\t\t\t\t\t<p class="info">\r\n\t\t\t\t\t\t\t\t\t\t\t\xe6\xa5\xbc\xe4\xb8\xbb\xef\xbc\x9a<a class="J_user_card_show" data-uid="877" href="http://47.107.116.139/phpwind/index.php?m=space&uid=877">beifan</a><span>2023-01-29</span>\r\n\t\t\t\t\t\t\t\t\t\t\t\xe6\x9c\x80\xe5\x90\x8e\xe5\x9b\x9e\xe5\xa4\x8d\xef\xbc\x9a<a class="J_user_card_show" data-uid="877" href="http://47.107.116.139/phpwind/index.php?m=space&uid=877">beifan</a><span><a href="http://47.107.116.139/phpwind/read.php?tid=15518&fid=2&page=e#a" rel="nofollow" aria-label="\xe6\x9c\x80\xe5\x90\x8e\xe5\x9b\x9e\xe5\xa4\x8d\xe6\x97\xb6\xe9\x97\xb4">01-29 15:32</a></span>\r\n\t\t\t\t\t\t\t\t\t\t</p>\r\n\t\t\t\t\t\t\t\t\t</td>\r\n\t\t\t\t\t\t\t\t\t<td class="num">\r\n\t\t\t\t\t\t\t\t\t\t<span>\xe5\x9b\x9e\xe5\xa4\x8d<em>0</em></span>\r\n\t\t\t\t\t\t\t\t\t\t<span>\xe6\xb5\x8f\xe8\xa7\x88<em>0</em></span>\r\n\t\t\t\t\t\t\t\t\t</td>\r\n\t\t\t\t\t\t\t\t</tr>\r\n\t\t\t\t\t\t\t\t\t\t\t\t\t\t\t</table>\r\n\t\t\t\t\t\t</div>\r\n\t\t\t\t\t\t\t\t\t\t\t</div>\r\n\t\t\t\t\t<div class="J_page_wrap cc" data-key="true">\r\n\t\t\t\t\t\t<div class="pages">\r\n\t<strong>1</strong>\r\n\t<a href="http://47.107.116.139/phpwind/index.php?page=2">2</a>\r\n\t\t<a href="http://47.107.116.139/phpwind/index.php?page=3">3</a>\r\n\t\t<a href="http://47.107.116.139/phpwind/index.php?page=4">4</a>\r\n\t\t<a href="http://47.107.116.139/phpwind/index.php?page=564">...564</a>\r\n\t\t<a href="http://47.107.116.139/phpwind/index.php?page=2" class="pages_next J_pages_next">\xe4\xb8\x8b\xe4\xb8\x80\xe9\xa1\xb5&nbsp;&raquo;</a>\r\n</div>\r\n\t\t\t\t\t</div>\r\n\t\t\t\t\t\r\n\t\t\t\t\t\t\t\t\t\t \r\n\t\t\t\t</div>\r\n\t\t\t</div>\r\n\t\t\t<div class="main_sidebar">\r\n\t\t\t\t    <div class="box_wrap sidebar_login">\r\n        <!--\r\n\t\t<form id="J_login_form" action="http://47.107.116.139/phpwind/index.php?m=u&c=login&a=dologin" method="post">\r\n\t\t<dl>\r\n\t\t\t<dt id="J_sidebar_login_dt" class="cc">\r\n\t\t\t\t<i class="icon_username" title="\xe8\xaf\xb7\xe8\xbe\x93\xe5\x85\xa5\xe7\x94\xa8\xe6\x88\xb7\xe5\x90\x8d"></i><label for="J_username">\xe7\x94\xa8\xe6\x88\xb7\xe5\x90\x8d</label><input required type="text" class="input" id="J_username" name="username" placeholder="\xe7\x94\xa8\xe6\x88\xb7\xe5\x90\x8d">\r\n\t\t\t\t<i class="icon_password" title="\xe8\xaf\xb7\xe8\xbe\x93\xe5\x85\xa5\xe5\xaf\x86\xe7\xa0\x81"></i><label for="J_password">\xe5\xaf\x86\xe3\x80\x80\xe7\xa0\x81</label><input required type="password" class="input" id="J_password" name="password" placeholder="\xe5\xaf\x86\xe7\xa0\x81">\r\n\t\t\t</dt>\r\n\t\t\t<dd class="associate"><a class="sendpwd" rel="nofollow" href="http://47.107.116.139/phpwind/index.php?m=u&c=findPwd">\xe6\x89\xbe\xe5\x9b\x9e\xe5\xaf\x86\xe7\xa0\x81</a><label for="head_checkbox" title="\xe4\xb8\x8b\xe6\xac\xa1\xe8\x87\xaa\xe5\x8a\xa8\xe7\x99\xbb\xe5\xbd\x95"><input type="checkbox" id="head_checkbox" name="rememberme" value="31536000">\xe8\x87\xaa\xe5\x8a\xa8\xe7\x99\xbb\xe5\xbd\x95</label></dd>\r\n\t\t\t<dd class="operate"><button type="submit" id="J_sidebar_login" class="btn btn_big btn_submit">\xe7\x99\xbb\xe5\xbd\x95</button><a class="btn btn_big btn_error" href="http://47.107.116.139/phpwind/index.php?m=u&c=register" rel="nofollow">\xe7\xab\x8b\xe5\x8d\xb3\xe6\xb3\xa8\xe5\x86\x8c</a></dd>\r\n\t\t</dl>\r\n\t\t<input type="hidden" name="csrf_token" value="9c5f3811c0057aec"/><input type="hidden" name="csrf_token" value="9c5f3811c0057aec"/></form>\r\n        -->\r\n        <dd class="operate"><button type="button" id="J_sidebar_login" class="btn btn_big btn_submit" onclick="location.href=\'http://47.107.116.139/phpwind/index.php?m=u&c=login\'">\xe7\x99\xbb\xe5\xbd\x95</button><a class="btn btn_big btn_error" href="http://47.107.116.139/phpwind/index.php?m=u&c=register" rel="nofollow" onclick="location.href=\'http://47.107.116.139/phpwind/index.php?m=u&c=register\'">\xe7\xab\x8b\xe5\x8d\xb3\xe6\xb3\xa8\xe5\x86\x8c</a></dd>\r\n    </div>\r\n<!--advertisement id=\'Site.Sider.User\' sys=\'1\'/-->\r\n\r\n\t\t\t\t<div class="box_wrap" aria-label="\xe7\x89\x88\xe5\x9d\x97\xe5\x88\x97\xe8\xa1\xa8" role="tablist">\r\n\t\t\t<h2 class="box_title J_sidebar_box_toggle">\xe7\x89\x88\xe5\x9d\x97\xe5\x88\x97\xe8\xa1\xa8</h2>\r\n\t\t\t<div class="forum_menu" >\r\n\t\t\t\t\t\t\t<dl class=" current">\r\n\t\t\t\t\t<dt class="J_sidebar_forum_toggle"><a href="http://47.107.116.139/phpwind/index.php?c=cate&fid=1">\xe6\x96\xb0\xe5\x88\x86\xe7\xb1\xbb</a></dt>\r\n\t\t\t\t\t<dd role="tabpanel">\r\n\t\t\t\t\t\t\t\t\t\t\t\t<p><a class="" href="http://47.107.116.139/phpwind/index.php?c=thread&fid=2">\xe6\x96\xb0\xe7\x89\x88\xe5\x9d\x97</a></p>\r\n\t\t\t\t\t\t\t\t\t\t\t\t<p><a class="" href="http://47.107.116.139/phpwind/index.php?c=thread&fid=3">\xe6\x96\xb0\xe9\x97\xbb\xe6\xa8\xa1\xe5\x9d\x97</a></p>\r\n\t\t\t\t\t\t\t\t\t\t\t</dd>\r\n\t\t\t\t</dl>\r\n\t\t\t\t\t\t\t</div>\r\n\t\t</div>\r\n\r\n \r\n<!--design role="segment" id="linkdemo"/-->\r\n\r\n\t\t\t</div>\r\n\t\t</div>\r\n\t\t<div id="cloudwind_forum_bottom"></div>\r\n\t</div>\r\n\t\r\n<!--.main-wrap,#main End-->\r\n<div class="tac">\r\n <br />\r\n \r\n</div>\r\n<div class="footer_wrap">\r\n\t<div class="footer">\r\n\t\t\r\n\t\t<div class="bottom">\r\n\t\t<a href="http://phpwind.com/about.html">\xe5\x85\xb3\xe4\xba\x8ephpwind</a><a href="http://phpwind.com/contact.html">\xe8\x81\x94\xe7\xb3\xbb\xe6\x88\x91\xe4\xbb\xac</a><a href="http://www.phpwind.net/thread-htm-fid-39.html">\xe7\xa8\x8b\xe5\xba\x8f\xe5\xbb\xba\xe8\xae\xae</a><a href="http://www.phpwind.net/thread-htm-fid-54.html">\xe9\x97\xae\xe9\xa2\x98\xe5\x8f\x8d\xe9\xa6\x88</a>\t\t</div>\r\n\t\t<p>Powered by <a href="http://www.phpwind.net/" target="_blank" rel="nofollow">phpwind v9.0.2</a> &copy;2003-2015 <a href="http://www.phpwind.com" target="_blank" rel="nofollow">phpwind.com</a> <a href="http://www.miitbeian.gov.cn" target="_blank" rel="nofollow"></a></p>\r\n\t\t<p></p>\r\n\t</div>\r\n\t \r\n\t \r\n\t \r\n\t<div id="cloudwind_common_bottom"></div>\r\n\t</div>\r\n\r\n<!--\xe8\xbf\x94\xe5\x9b\x9e\xe9\xa1\xb6\xe9\x83\xa8-->\r\n<a href="#" rel="nofollow" role="button" id="back_top" tabindex="-1">\xe8\xbf\x94\xe5\x9b\x9e\xe9\xa1\xb6\xe9\x83\xa8</a>\r\n\r\n</div>\r\n\r\n<script>\r\nvar FID = \'\';\r\nWind.use(\'jquery\', \'global\', function(){\r\n\tif(GV.U_ID) {\r\n\t\tWind.js(GV.JS_ROOT +\'pages/bbs/threadManage.js?v=\' + GV.JS_VERSION);\r\n\t}\r\n});\r\n</script>\r\n\r\n</body>\r\n</html>'
INFO     requests.session:session.py:36 发送请求>>>>>> 接口地址 = POST http://47.107.116.139/phpwind/index.php?m=u&c=login&a=dorun
INFO     requests.session:session.py:37 发送请求>>>>>> 请求头 = {'User-Agent': 'python-requests/2.28.2', 'Accept-Encoding': 'gzip, deflate', 'Accept': 'application/json, text/javascript, /; q=0.01', 'Connection': 'keep-alive', 'X-Requested-With': 'XMLHttpRequest', 'Cookie': 'W2S_lastvisit=0%091675000724%09%2Fphpwind%2F; W2S_visitor=5VetprstNMSQHBaz5nhYvYJdyPzeMyP1BiLJevkyHEEBvCTcepr6Yg%3D%3D; csrf_token=9c5f3811c0057aec', 'Content-Length': '108', 'Content-Type': 'application/x-www-form-urlencoded'}
INFO     requests.session:session.py:38 发送请求>>>>>> 请求正文 = backurl=http%3A%2F%2F47.107.116.139%2Fphpwind%2F&csrf_token=9c5f3811c0057aec&password=beifan&username=beifan
INFO     requests.session:session.py:42 接收响应      <<<<<< 状态码 = 200
INFO     requests.session:session.py:43 接收响应      <<<<<< 响应头 = {'Server': 'nginx', 'Date': 'Sun, 29 Jan 2023 13:58:44 GMT', 'Content-Type': 'text/html; charset=UTF-8', 'Transfer-Encoding': 'chunked', 'Connection': 'keep-alive', 'X-Powered-By': 'PHP/5.6.36', 'Set-Cookie': 'W2S_lastvisit=0%091675000724%09%2Fphpwind%2Findex.php%3Fm%3Du%26c%3Dlogin%26a%3Ddorun; expires=Mon, 29-Jan-2024 13:58:44 GMT; Max-Age=31536000; path=/', 'Content-Encoding': 'gzip', 'Vary': 'Accept-Encoding'}
INFO     requests.session:session.py:44 接收响应      <<<<<< 响应正文 = b'{"referer":"http%3A%2F%2F47.107.116.139%2Fphpwind%2Findex.php%3Fm%3Du%26c%3Dlogin%26a%3Dwelcome%26_statu%3DM0FQUXdya0x6cjc3TzFvSWVVRUpidiUyQkZwSENuJTJCRkEzb1RSNEFyM0FpdkNlVFclMkJhcnJMRyUyQlR2UnBxS0xFU3VBfGh0dHA6Ly80Ny4xMDcuMTE2LjEzOS9waHB3aW5kL3w","refresh":false,"state":"success","data":"","html":"","message":[""],"__error":""}'
